# ec2-api/cmd/api
cmd/api/main.go:69:6: declared and not used: templateRepo
cmd/api/main.go:102:50: undefined: templateService
